Microchip MPLAB XC8 Compiler V3.10

Linker command line:

-W-3 \
  --edf=C:\Program Files\Microchip\xc8\v3.10\pic\dat\20250813170317_en.msgs \
  -cn -h+dist/default/production\Lab_09.X.production.sym \
  --cmf=dist/default/production\Lab_09.X.production.cmf -z -Q18F4550 \
  -oC:\Users\Aluno\AppData\Local\Temp\xcAs89o.0\driver_tmp_3.o \
  --defsym=__MPLAB_BUILD=1 --fixupoverflow=error \
  -Mdist/default/production/Lab_09.X.production.map \
  --md=C:\Users\Aluno\AppData\Local\Temp\xcAs89o.0\driver_tmp_0.dat -E1 \
  -ver=XC8 Compiler -ACODE=00h-07FFFh -ACONST=00h-07FFFh \
  -ASMALLCONST=0800h-08FFhx120 -AMEDIUMCONST=0800h-07FFFh -ACOMRAM=01h-05Fh \
  -AABS1=00h-07FFh -ABIGRAM=01h-07FFh -ARAM=060h-0FFh,0100h-01FFhx7 \
  -ABANK0=060h-0FFh -ABANK1=0100h-01FFh -ABANK2=0200h-02FFh \
  -ABANK3=0300h-03FFh -ABANK4=0400h-04FFh -ABANK5=0500h-05FFh \
  -ABANK6=0600h-06FFh -ABANK7=0700h-07FFh -ASFR=0F60h-0FFFh \
  -ABIGSFR=0F60h-0FFFh -ACONFIG=0300000h-030000Dh -AIDLOC=0200000h-0200007h \
  -AEEDATA=0F00000h-0F000FFh -peeprom_data=EEDATA \
  -preset_vec=00h,intcode=8h,intcodelo=18h,sivt_lo,sivt_hi=CODE \
  -ppowerup=CODE,init -pramtop=0800h -psmallconst=SMALLCONST \
  -pmediumconst=MEDIUMCONST -pconst=CONST -AFARRAM=00h-00h \
  -prdata=COMRAM,nvrram=COMRAM,nvbit=COMRAM,rbss=COMRAM,rbit=COMRAM \
  -pfarbss=FARRAM,fardata=FARRAM,nvFARRAM=FARRAM \
  -pintsave_regs=BIGRAM,bigbss=BIGRAM,bigdata=BIGRAM -pbss=RAM \
  -pidata=CODE,irdata=CODE,ibigdata=CODE,ifardata=CODE -prparam=COMRAM \
  C:\Users\Aluno\AppData\Local\Temp\xcAs89o.0\driver_tmp_14.o \
  dist/default/production\Lab_09.X.production.o 

Object code version is 3.11

Machine type is 18F4550



                Name                               Link     Load   Length Selector   Space Scale
C:\Users\Aluno\AppData\Local\Temp\xcAs89o.0\driver_tmp_14.o
                idloc                            200000   200000        8        0       5
                config                           300000   300000        E        0       4
                init                                  E        E        4        4       0
                reset_vec                             0        0        4        0       0
dist/default/production\Lab_09.X.production.o
                intcode                               8        8        6        4       0
                idloc                            200000   200000        8        0       5
                config                           300000   300000        E        0       4
                smallconst                          800      800       12      400       0
                intcode_body                        E80      E80       6E      409       0
                text21                             127A     127A        A      409       0
                text20                             10B8     10B8       46      409       0
                text19                             126A     126A       10      409       0
                text18                             1258     1258       12      409       0
                text17                             10FE     10FE       40      409       0
                text16                             117C     117C       3E      409       0
                text15                              C04      C04       EE      409       0
                text14                              F58      F58       6A      409       0
                text13                              AFA      AFA      10A      409       0
                text12                              EEE      EEE       6A      409       0
                text11                             1026     1026       4A      409       0
                text10                             113E     113E       3E      409       0
                text9                              1070     1070       48      409       0
                text8                               E0E      E0E       72      409       0
                text7                               D9C      D9C       72      409       0
                text6                               FC2      FC2       64      409       0
                text5                              1286     1286        2      409       0
                text4                               CF2      CF2       AA      409       0
                text3                               996      996      164      409       0
                text2                              11BA     11BA       3C      409       0
                text1                              1228     1228       30      409       0
                text0                               812      812      184      409       0
                cstackCOMRAM                          2        2       36        2       1
                dataCOMRAM                           5D       5D        2        2       1
                bssCOMRAM                            38       38       25        2       1
                cinit                              11F6     11F6       32      409       0
                idataCOMRAM                        1284     1284        2      409       0

TOTAL           Name                               Link     Load   Length     Space
        CLASS   CODE           
                intcode                               8        8        6         0
                init                                  E        E        4         0
                reset_vec                             0        0        4         0
                intcode_body                        E80      E80       6E         0
                text21                             127A     127A        A         0
                text20                             10B8     10B8       46         0
                text19                             126A     126A       10         0
                text18                             1258     1258       12         0
                text17                             10FE     10FE       40         0
                text16                             117C     117C       3E         0
                text15                              C04      C04       EE         0
                text14                              F58      F58       6A         0
                text13                              AFA      AFA      10A         0
                text12                              EEE      EEE       6A         0
                text11                             1026     1026       4A         0
                text10                             113E     113E       3E         0
                text9                              1070     1070       48         0
                text8                               E0E      E0E       72         0
                text7                               D9C      D9C       72         0
                text6                               FC2      FC2       64         0
                text5                              1286     1286        2         0
                text4                               CF2      CF2       AA         0
                text3                               996      996      164         0
                text2                              11BA     11BA       3C         0
                text1                              1228     1228       30         0
                text0                               812      812      184         0
                cinit                              11F6     11F6       32         0
                idataCOMRAM                        1284     1284        2         0

        CLASS   CONST          

        CLASS   SMALLCONST     
                smallconst                          800      800       12         0

        CLASS   MEDIUMCONST    

        CLASS   COMRAM         
                cstackCOMRAM                          2        2       36         1
                dataCOMRAM                           5D       5D        2         1
                bssCOMRAM                            38       38       25         1

        CLASS   ABS1           
                abs_s1                                1        1        1         1

        CLASS   BIGRAM         

        CLASS   RAM            

        CLASS   BANK0          

        CLASS   BANK1          

        CLASS   BANK2          

        CLASS   BANK3          

        CLASS   BANK4          

        CLASS   BANK5          

        CLASS   BANK6          

        CLASS   BANK7          

        CLASS   SFR            

        CLASS   BIGSFR         

        CLASS   CONFIG         
                config                           300000   300000        E         4

        CLASS   IDLOC          
                idloc                            200000   200000        8         5

        CLASS   EEDATA         

        CLASS   FARRAM         

        CLASS   HEAP           

        CLASS   STACK          



SEGMENTS        Name                           Load    Length   Top    Selector   Space  Class

                reset_vec                      000000  000004  000004         0       0  CODE    
                cstackCOMRAM                   000002  00005D  00005F         2       1  COMRAM  
                intcode                        000008  00000A  000012         4       0  CODE    
                smallconst                     000800  000012  000812       400       0  SMALLCON
                text0                          000812  000A76  001288       409       0  CODE    


UNUSED ADDRESS RANGES

        Name                Unused          Largest block    Delta
        BANK0            000060-0000FF               A0
        BANK1            000100-0001FF              100
        BANK2            000200-0002FF              100
        BANK3            000300-0003FF              100
        BANK4            000400-0004FF              100
        BANK5            000500-0005FF              100
        BANK6            000600-0006FF              100
        BANK7            000700-0007FF              100
        BIGRAM           00005F-0007FF              7A1
        BIGSFR           000F60-000FFF               A0
        CODE             000004-000007                4
                         000012-0007FF              7EE
                         001288-007FFF             6D78
        COMRAM           00005F-00005F                1
        CONST            000004-000007                4
                         000012-0007FF              7EE
                         001288-007FFF             6D78
        EEDATA           F00000-F000FF              100
        MEDIUMCONST      001288-007FFF             6D78
        RAM              000060-0007FF              100
        SFR              000F60-000FFF               A0
        SMALLCONST       001288-007FFF              100

                                  Symbol Table

?___aldiv                cstackCOMRAM 00000E
?___lmul                 cstackCOMRAM 000002
?___lwdiv                cstackCOMRAM 000002
?___lwmod                cstackCOMRAM 000002
?_sprintf                cstackCOMRAM 000018
?_vfprintf               cstackCOMRAM 000014
OpenXLCD@lcdtype         cstackCOMRAM 000003
SetDDRamAddr@DDaddr      cstackCOMRAM 000002
UART_Write_Text@txt      cstackCOMRAM 000002
WriteCmdXLCD@cmd         cstackCOMRAM 000002
WriteDataXLCD@data       cstackCOMRAM 000002
_ADCON0                  (abs)        000FC2
_ADCON0bits              (abs)        000FC2
_ADCON1                  (abs)        000FC1
_ADCON2                  (abs)        000FC0
_ADRESH                  (abs)        000FC4
_ADRESL                  (abs)        000FC3
_BusyXLCD                text20       0010B8
_CCP2CON                 (abs)        000FBA
_CCP2CONbits             (abs)        000FBA
_CCPR2L                  (abs)        000FBB
_DelayFor18TCY           text21       00127A
_DelayPORXLCD            text19       00126A
_DelayXLCD               text18       001258
_INTCON2bits             (abs)        000FF1
_INTCON3bits             (abs)        000FF0
_INTCONbits              (abs)        000FF2
_ISR                     intcode      000008
_LATEbits                (abs)        000F8D
_OpenXLCD                text15       000C04
_PIR1bits                (abs)        000F9E
_PORTD                   (abs)        000F83
_PR2                     (abs)        000FCB
_RCONbits                (abs)        000FD0
_RCSTA                   (abs)        000FAB
_SPBRG                   (abs)        000FAF
_SetDDRamAddr            text17       0010FE
_T2CON                   (abs)        000FCA
_TRISA                   (abs)        000F92
_TRISB                   (abs)        000F93
_TRISCbits               (abs)        000F94
_TRISD                   (abs)        000F95
_TRISEbits               (abs)        000F96
_TXREG                   (abs)        000FAD
_TXSTA                   (abs)        000FAC
_UART_Write_Text         text14       000F58
_WriteCmdXLCD            text16       00117C
_WriteDataXLCD           text10       00113E
__HRAM                   (abs)        000000
__H__absolute__          __absolute__ 000000
__Habs1                  abs1         000000
__Hbank0                 bank0        000000
__Hbank1                 bank1        000000
__Hbank2                 bank2        000000
__Hbank3                 bank3        000000
__Hbank4                 bank4        000000
__Hbank5                 bank5        000000
__Hbank6                 bank6        000000
__Hbank7                 bank7        000000
__Hbigbss                bigbss       000000
__Hbigdata               bigdata      000000
__Hbigram                bigram       000000
__Hbigsfr                bigsfr       000000
__Hbss                   bss          000000
__HbssCOMRAM             bssCOMRAM    000000
__Hcinit                 cinit        000000
__Hclrtext               clrtext      000000
__Hcomram                comram       000000
__Hconfig                config       30000E
__Hconst                 const        000000
__HcstackCOMRAM          cstackCOMRAM 000000
__Hdata                  data         000000
__HdataCOMRAM            dataCOMRAM   000000
__Heeprom_data           eeprom_data  000000
__Hfarbss                farbss       000000
__Hfardata               fardata      000000
__Hheap                  heap         000000
__Hibigdata              ibigdata     000000
__Hidata                 idata        000000
__HidataCOMRAM           idataCOMRAM  000000
__Hidloc                 idloc        200008
__Hifardata              ifardata     000000
__Hinit                  init         000012
__Hintcode               intcode      00000E
__Hintcode_body          intcode_body 000000
__Hintcodelo             intcodelo    000018
__Hintentry              intentry     000000
__Hintret                intret       000000
__Hintsave_regs          intsave_regs 000000
__Hirdata                irdata       000000
__Hmediumconst           mediumconst  000000
__HnvFARRAM              nvFARRAM     000000
__Hnvbit                 nvbit        000000
__Hnvrram                nvrram       000000
__Hparam                 rparam       000000
__Hpowerup               powerup      000000
__Hram                   ram          000000
__Hramtop                ramtop       000800
__Hrbit                  rbit         000000
__Hrbss                  rbss         000000
__Hrdata                 rdata        000000
__Hreset_vec             reset_vec    000004
__Hrparam                rparam       000000
__Hsfr                   sfr          000000
__Hsivt_hi               sivt_hi      000000
__Hsivt_lo               sivt_lo      000018
__Hsmallconst            smallconst   000812
__Hspace_0               (abs)        001288
__Hspace_1               (abs)        00005F
__Hspace_2               (abs)        000000
__Hspace_4               (abs)        60000E
__Hstack                 stack        000000
__Hstruct                struct       000000
__Htemp                  temp         000000
__Htext                  text         000000
__Htext0                 text0        000000
__Htext1                 text1        000000
__Htext10                text10       000000
__Htext11                text11       000000
__Htext12                text12       000000
__Htext13                text13       000000
__Htext14                text14       000000
__Htext15                text15       000000
__Htext16                text16       000000
__Htext17                text17       000000
__Htext18                text18       000000
__Htext19                text19       000000
__Htext2                 text2        000000
__Htext20                text20       000000
__Htext21                text21       000000
__Htext3                 text3        000000
__Htext4                 text4        000000
__Htext5                 text5        000000
__Htext6                 text6        000000
__Htext7                 text7        000000
__Htext8                 text8        000000
__Htext9                 text9        000000
__LRAM                   (abs)        000001
__L__absolute__          __absolute__ 000000
__Labs1                  abs1         000000
__Lbank0                 bank0        000000
__Lbank1                 bank1        000000
__Lbank2                 bank2        000000
__Lbank3                 bank3        000000
__Lbank4                 bank4        000000
__Lbank5                 bank5        000000
__Lbank6                 bank6        000000
__Lbank7                 bank7        000000
__Lbigbss                bigbss       000000
__Lbigdata               bigdata      000000
__Lbigram                bigram       000000
__Lbigsfr                bigsfr       000000
__Lbss                   bss          000000
__LbssCOMRAM             bssCOMRAM    000000
__Lcinit                 cinit        000000
__Lclrtext               clrtext      000000
__Lcomram                comram       000000
__Lconfig                config       000000
__Lconst                 const        000000
__LcstackCOMRAM          cstackCOMRAM 000000
__Ldata                  data         000000
__LdataCOMRAM            dataCOMRAM   000000
__Leeprom_data           eeprom_data  000000
__Lfarbss                farbss       000000
__Lfardata               fardata      000000
__Lheap                  heap         000000
__Libigdata              ibigdata     000000
__Lidata                 idata        000000
__LidataCOMRAM           idataCOMRAM  000000
__Lidloc                 idloc        000000
__Lifardata              ifardata     000000
__Linit                  init         00000E
__Lintcode               intcode      000008
__Lintcode_body          intcode_body 000000
__Lintcodelo             intcodelo    000018
__Lintentry              intentry     000000
__Lintret                intret       000000
__Lintsave_regs          intsave_regs 000000
__Lirdata                irdata       000000
__Lmediumconst           mediumconst  000000
__LnvFARRAM              nvFARRAM     000000
__Lnvbit                 nvbit        000000
__Lnvrram                nvrram       000000
__Lparam                 rparam       000000
__Lpowerup               powerup      000000
__Lram                   ram          000000
__Lramtop                ramtop       000800
__Lrbit                  rbit         000000
__Lrbss                  rbss         000000
__Lrdata                 rdata        000000
__Lreset_vec             reset_vec    000000
__Lrparam                rparam       000000
__Lsfr                   sfr          000000
__Lsivt_hi               sivt_hi      000000
__Lsivt_lo               sivt_lo      000018
__Lsmallconst            smallconst   000800
__Lspace_0               (abs)        000000
__Lspace_1               (abs)        000000
__Lspace_2               (abs)        000000
__Lspace_4               (abs)        000000
__Lstack                 stack        000000
__Lstruct                struct       000000
__Ltemp                  temp         000000
__Ltext                  text         000000
__Ltext0                 text0        000000
__Ltext1                 text1        000000
__Ltext10                text10       000000
__Ltext11                text11       000000
__Ltext12                text12       000000
__Ltext13                text13       000000
__Ltext14                text14       000000
__Ltext15                text15       000000
__Ltext16                text16       000000
__Ltext17                text17       000000
__Ltext18                text18       000000
__Ltext19                text19       000000
__Ltext2                 text2        000000
__Ltext20                text20       000000
__Ltext21                text21       000000
__Ltext3                 text3        000000
__Ltext4                 text4        000000
__Ltext5                 text5        000000
__Ltext6                 text6        000000
__Ltext7                 text7        000000
__Ltext8                 text8        000000
__Ltext9                 text9        000000
__S0                     (abs)        001288
__S1                     (abs)        00005F
__S4                     (abs)        000000
__S5                     (abs)        000000
___aldiv                 text13       000AFA
___aldiv@counter         cstackCOMRAM 000016
___aldiv@dividend        cstackCOMRAM 00000E
___aldiv@divisor         cstackCOMRAM 000012
___aldiv@quotient        cstackCOMRAM 000018
___aldiv@sign            cstackCOMRAM 000017
___heap_hi               (abs)        000000
___heap_lo               (abs)        000000
___inthi_sp              stack        000000
___inthi_stack_hi        stack        000000
___inthi_stack_lo        stack        000000
___intlo_sp              stack        000000
___intlo_stack_hi        stack        000000
___intlo_stack_lo        stack        000000
___lmul                  text12       000EEE
___lmul@multiplicand     cstackCOMRAM 000006
___lmul@multiplier       cstackCOMRAM 000002
___lmul@product          cstackCOMRAM 00000A
___lwdiv                 text7        000D9C
___lwdiv@counter         cstackCOMRAM 000008
___lwdiv@dividend        cstackCOMRAM 000002
___lwdiv@divisor         cstackCOMRAM 000004
___lwdiv@quotient        cstackCOMRAM 000006
___lwmod                 text6        000FC2
___lwmod@counter         cstackCOMRAM 000006
___lwmod@dividend        cstackCOMRAM 000002
___lwmod@divisor         cstackCOMRAM 000004
___param_bank            (abs)        000000
___rparam_used           (abs)        000001
___sp                    stack        000000
___stack_hi              stack        000000
___stack_lo              stack        000000
__accesstop              (abs)        000060
__activetblptr           (abs)        000002
__end_of_BusyXLCD        text20       0010FE
__end_of_DelayFor18TCY   text21       001284
__end_of_DelayPORXLCD    text19       00127A
__end_of_DelayXLCD       text18       00126A
__end_of_ISR             intcode_body 000EEE
__end_of_OpenXLCD        text15       000CF2
__end_of_SetDDRamAddr    text17       00113E
__end_of_UART_Write_Text text14       000FC2
__end_of_WriteCmdXLCD    text16       0011BA
__end_of_WriteDataXLCD   text10       00117C
__end_of___aldiv         text13       000C04
__end_of___lmul          text12       000F58
__end_of___lwdiv         text7        000E0E
__end_of___lwmod         text6        001026
__end_of__initialization cinit        00121A
__end_of_ajusta_dc       text11       001070
__end_of_fputc           text4        000D9C
__end_of_main            text0        000996
__end_of_putch           text5        001288
__end_of_putrsXLCD       text9        0010B8
__end_of_putsXLCD        text8        000E80
__end_of_sprintf         text1        001258
__end_of_vfpfcnvrt       text3        000AFA
__end_of_vfprintf        text2        0011F6
__initialization         cinit        0011F6
__mediumconst            smallconst   000800
__pbssCOMRAM             bssCOMRAM    000038
__pcinit                 cinit        0011F6
__pcstackCOMRAM          cstackCOMRAM 000002
__pdataCOMRAM            dataCOMRAM   00005D
__pidataCOMRAM           idataCOMRAM  001284
__pintcode               intcode      000008
__pintcode_body          intcode_body 000E80
__psmallconst            smallconst   000800
__ptext0                 text0        000812
__ptext1                 text1        001228
__ptext10                text10       00113E
__ptext11                text11       001026
__ptext12                text12       000EEE
__ptext13                text13       000AFA
__ptext14                text14       000F58
__ptext15                text15       000C04
__ptext16                text16       00117C
__ptext17                text17       0010FE
__ptext18                text18       001258
__ptext19                text19       00126A
__ptext2                 text2        0011BA
__ptext20                text20       0010B8
__ptext21                text21       00127A
__ptext3                 text3        000996
__ptext4                 text4        000CF2
__ptext5                 text5        001286
__ptext6                 text6        000FC2
__ptext7                 text7        000D9C
__ptext8                 text8        000E0E
__ptext9                 text9        001070
__ramtop                 ramtop       000800
__smallconst             smallconst   000800
_ajusta_dc               text11       001026
_dbuf                    bssCOMRAM    000038
_flags                   bssCOMRAM    00005C
_fputc                   text4        000CF2
_main                    text0        000812
_prec                    bssCOMRAM    00005A
_putch                   text5        001286
_putrsXLCD               text9        001070
_putsXLCD                text8        000E0E
_sprintf                 text1        001228
_valor                   dataCOMRAM   00005D
_vfpfcnvrt               text3        000996
_vfprintf                text2        0011BA
_width                   bssCOMRAM    000058
ajusta_dc@dc             cstackCOMRAM 000002
btemp                    (abs)        000001
btemp0                   (abs)        000001
btemp1                   (abs)        000002
end_of_initialization    cinit        00121A
fputc@c                  cstackCOMRAM 000002
fputc@fp                 cstackCOMRAM 000004
int$flags                (abs)        000001
int_func                 intcode_body 000E80
intlevel0                text         000000
intlevel1                text         000000
intlevel2                text         000000
intlevel3                text         000000
isa$std                  (abs)        000001
isa$xinst                (abs)        000000
main@q                   cstackCOMRAM 000034
main@temp                cstackCOMRAM 000036
main@temp_str            cstackCOMRAM 00002A
main@v                   cstackCOMRAM 000030
putrsXLCD@buffer         cstackCOMRAM 000003
putsXLCD@buffer          cstackCOMRAM 000003
sprintf@ap               cstackCOMRAM 00001C
sprintf@f                cstackCOMRAM 00001D
sprintf@fmt              cstackCOMRAM 000019
sprintf@s                cstackCOMRAM 000018
stackhi                  (abs)        000000
stacklo                  (abs)        000000
start                    init         00000E
start_initialization     cinit        0011F6
vfpfcnvrt@ap             cstackCOMRAM 00000C
vfpfcnvrt@c              cstackCOMRAM 000013
vfpfcnvrt@convarg        cstackCOMRAM 00000E
vfpfcnvrt@cp             cstackCOMRAM 000012
vfpfcnvrt@fmt            cstackCOMRAM 00000B
vfpfcnvrt@fp             cstackCOMRAM 00000A
vfprintf@ap              cstackCOMRAM 000016
vfprintf@cfmt            cstackCOMRAM 000017
vfprintf@fmt             cstackCOMRAM 000015
vfprintf@fp              cstackCOMRAM 000014


MODULE INFORMATION

Module		Function		Class		Link	Load	Size
C:\Program Files\Microchip\xc8\v3.10\pic\sources\c99\common\lwmod.c
		___lwmod       		CODE           	0FC2	0000	100

C:\Program Files\Microchip\xc8\v3.10\pic\sources\c99\common\lwmod.c estimated size: 100

C:\Program Files\Microchip\xc8\v3.10\pic\sources\c99\common\putch.c
		_putch         		CODE           	1286	0000	2

C:\Program Files\Microchip\xc8\v3.10\pic\sources\c99\common\putch.c estimated size: 2

C:\Program Files\Microchip\xc8\v3.10\pic\sources\c99\common\Umul32.c
		___lmul        		CODE           	0EEE	0000	106

C:\Program Files\Microchip\xc8\v3.10\pic\sources\c99\common\Umul32.c estimated size: 106

C:\Program Files\Microchip\xc8\v3.10\pic\sources\c99\common\lwdiv.c
		___lwdiv       		CODE           	0D9C	0000	114

C:\Program Files\Microchip\xc8\v3.10\pic\sources\c99\common\lwdiv.c estimated size: 114

C:\Program Files\Microchip\xc8\v3.10\pic\sources\c99\common\aldiv.c
		___aldiv       		CODE           	0AFA	0000	266

C:\Program Files\Microchip\xc8\v3.10\pic\sources\c99\common\aldiv.c estimated size: 266

nxlcd.c
		_BusyXLCD      		CODE           	10B8	0000	70
		_putsXLCD      		CODE           	0E0E	0000	114
		_DelayFor18TCY 		CODE           	127A	0000	10
		_DelayXLCD     		CODE           	1258	0000	18
		_WriteCmdXLCD  		CODE           	117C	0000	62
		_OpenXLCD      		CODE           	0C04	0000	238
		_WriteDataXLCD 		CODE           	113E	0000	62
		_SetDDRamAddr  		CODE           	10FE	0000	64
		_DelayPORXLCD  		CODE           	126A	0000	16
		_putrsXLCD     		CODE           	1070	0000	72

nxlcd.c estimated size: 726

C:\Program Files\Microchip\xc8\v3.10\pic\sources\c99\common\nf_sprintf.c
		_sprintf       		CODE           	1228	0000	48

C:\Program Files\Microchip\xc8\v3.10\pic\sources\c99\common\nf_sprintf.c estimated size: 48

shared
		__initialization		CODE           	11F6	0000	36

shared estimated size: 36

C:\Program Files\Microchip\xc8\v3.10\pic\sources\c99\common\nf_fputc.c
		_fputc         		CODE           	0CF2	0000	170

C:\Program Files\Microchip\xc8\v3.10\pic\sources\c99\common\nf_fputc.c estimated size: 170

ex_ad.c
		_ISR           		CODE           	0008	0000	116
		_main          		CODE           	0812	0000	388
		_UART_Write_Text		CODE           	0F58	0000	106
		_ajusta_dc     		CODE           	1026	0000	74

ex_ad.c estimated size: 684

C:\Program Files\Microchip\xc8\v3.10\pic\sources\c99\common\doprnt.c
		_vfpfcnvrt     		CODE           	0996	0000	356
		_vfprintf      		CODE           	11BA	0000	60

C:\Program Files\Microchip\xc8\v3.10\pic\sources\c99\common\doprnt.c estimated size: 416

