Microchip MPLAB XC8 Compiler V3.10

Linker command line:

-W-3 \
  --edf=C:\Program Files\Microchip\xc8\v3.10\pic\dat\20250813170317_en.msgs \
  -cn -h+dist/default/production\Lab_08.X.production.sym \
  --cmf=dist/default/production\Lab_08.X.production.cmf -z -Q18F4550 \
  -oC:\Users\Aluno\AppData\Local\Temp\xcAs2b8.0\driver_tmp_3.o \
  --defsym=__MPLAB_BUILD=1 --fixupoverflow=error \
  -Mdist/default/production/Lab_08.X.production.map \
  --md=C:\Users\Aluno\AppData\Local\Temp\xcAs2b8.0\driver_tmp_0.dat -E1 \
  -ver=XC8 Compiler -ACODE=00h-07FFFh -ACONST=00h-07FFFh \
  -ASMALLCONST=0800h-08FFhx120 -AMEDIUMCONST=0800h-07FFFh -ACOMRAM=01h-05Fh \
  -AABS1=00h-07FFh -ABIGRAM=01h-07FFh -ARAM=060h-0FFh,0100h-01FFhx7 \
  -ABANK0=060h-0FFh -ABANK1=0100h-01FFh -ABANK2=0200h-02FFh \
  -ABANK3=0300h-03FFh -ABANK4=0400h-04FFh -ABANK5=0500h-05FFh \
  -ABANK6=0600h-06FFh -ABANK7=0700h-07FFh -ASFR=0F60h-0FFFh \
  -ABIGSFR=0F60h-0FFFh -ACONFIG=0300000h-030000Dh -AIDLOC=0200000h-0200007h \
  -AEEDATA=0F00000h-0F000FFh -peeprom_data=EEDATA \
  -preset_vec=00h,intcode=8h,intcodelo=18h,sivt_lo,sivt_hi=CODE \
  -ppowerup=CODE,init -pramtop=0800h -psmallconst=SMALLCONST \
  -pmediumconst=MEDIUMCONST -pconst=CONST -AFARRAM=00h-00h \
  -prdata=COMRAM,nvrram=COMRAM,nvbit=COMRAM,rbss=COMRAM,rbit=COMRAM \
  -pfarbss=FARRAM,fardata=FARRAM,nvFARRAM=FARRAM \
  -pintsave_regs=BIGRAM,bigbss=BIGRAM,bigdata=BIGRAM -pbss=RAM \
  -pidata=CODE,irdata=CODE,ibigdata=CODE,ifardata=CODE -prparam=COMRAM \
  C:\Users\Aluno\AppData\Local\Temp\xcAs2b8.0\driver_tmp_9.o \
  dist/default/production\Lab_08.X.production.o 

Object code version is 3.11

Machine type is 18F4550



                Name                               Link     Load   Length Selector   Space Scale
C:\Users\Aluno\AppData\Local\Temp\xcAs2b8.0\driver_tmp_9.o
                idloc                            200000   200000        8        0       5
                config                           300000   300000        E        0       4
                init                                 26       26        4        C       0
                reset_vec                             0        0        4        0       0
dist/default/production\Lab_08.X.production.o
                intcodelo                            18       18        E        C       0
                intcode                               8        8        6        4       0
                idloc                            200000   200000        8        0       5
                config                           300000   300000        E        0       4
                smallconst                          800      800       1C      400       0
                intcode_body                        98C      98C       7A      40E       0
                text9                               B7E      B7E        A      40E       0
                text8                               A06      A06       46      40E       0
                text7                               B6E      B6E       10      40E       0
                text6                               B5C      B5C       12      40E       0
                text5                               A8C      A8C       40      40E       0
                text4                               B0A      B0A       3E      40E       0
                text3                               81C      81C       EE      40E       0
                text2                               ACC      ACC       3E      40E       0
                text1                               A4C      A4C       40      40E       0
                text0                               90A      90A       82      40E       0
                cstackCOMRAM                          2        2        5        2       1
                bssCOMRAM                             7        7        1        2       1
                cinit                               B48      B48       14      40E       0

TOTAL           Name                               Link     Load   Length     Space
        CLASS   CODE           
                intcodelo                            18       18        E         0
                intcode                               8        8        6         0
                init                                 26       26        4         0
                reset_vec                             0        0        4         0
                intcode_body                        98C      98C       7A         0
                text9                               B7E      B7E        A         0
                text8                               A06      A06       46         0
                text7                               B6E      B6E       10         0
                text6                               B5C      B5C       12         0
                text5                               A8C      A8C       40         0
                text4                               B0A      B0A       3E         0
                text3                               81C      81C       EE         0
                text2                               ACC      ACC       3E         0
                text1                               A4C      A4C       40         0
                text0                               90A      90A       82         0
                cinit                               B48      B48       14         0

        CLASS   CONST          

        CLASS   SMALLCONST     
                smallconst                          800      800       1C         0

        CLASS   MEDIUMCONST    

        CLASS   COMRAM         
                cstackCOMRAM                          2        2        5         1
                bssCOMRAM                             7        7        1         1

        CLASS   ABS1           
                abs_s1                                1        1        1         1

        CLASS   BIGRAM         

        CLASS   RAM            

        CLASS   BANK0          

        CLASS   BANK1          

        CLASS   BANK2          

        CLASS   BANK3          

        CLASS   BANK4          

        CLASS   BANK5          

        CLASS   BANK6          

        CLASS   BANK7          

        CLASS   SFR            

        CLASS   BIGSFR         

        CLASS   CONFIG         
                config                           300000   300000        E         4

        CLASS   IDLOC          
                idloc                            200000   200000        8         5

        CLASS   EEDATA         

        CLASS   FARRAM         

        CLASS   HEAP           

        CLASS   STACK          



SEGMENTS        Name                           Load    Length   Top    Selector   Space  Class

                reset_vec                      000000  000004  000004         0       0  CODE    
                cstackCOMRAM                   000002  000006  000008         2       1  COMRAM  
                intcode                        000008  000006  00000E         4       0  CODE    
                intcodelo                      000018  000012  00002A         C       0  CODE    
                smallconst                     000800  00001C  00081C       400       0  SMALLCON
                text3                          00081C  00036C  000B88       40E       0  CODE    


UNUSED ADDRESS RANGES

        Name                Unused          Largest block    Delta
        BANK0            000060-0000FF               A0
        BANK1            000100-0001FF              100
        BANK2            000200-0002FF              100
        BANK3            000300-0003FF              100
        BANK4            000400-0004FF              100
        BANK5            000500-0005FF              100
        BANK6            000600-0006FF              100
        BANK7            000700-0007FF              100
        BIGRAM           000008-0007FF              7F8
        BIGSFR           000F60-000FFF               A0
        CODE             000004-000007                4
                         00000E-000017                A
                         00002A-0007FF              7D6
                         000B88-007FFF             7478
        COMRAM           000008-00005F               58
        CONST            000004-000007                4
                         00000E-000017                A
                         00002A-0007FF              7D6
                         000B88-007FFF             7478
        EEDATA           F00000-F000FF              100
        MEDIUMCONST      000B88-007FFF             7478
        RAM              000060-0007FF              100
        SFR              000F60-000FFF               A0
        SMALLCONST       000B88-007FFF              100

                                  Symbol Table

ISR_Alta_Prioridade@estado    bssCOMRAM    000007
OpenXLCD@lcdtype              cstackCOMRAM 000005
SetDDRamAddr@DDaddr           cstackCOMRAM 000004
WriteCmdXLCD@cmd              cstackCOMRAM 000004
WriteDataXLCD@data            cstackCOMRAM 000004
_ADCON1                       (abs)        000FC1
_BusyXLCD                     text8        000A06
_CCP1CON                      (abs)        000FBD
_CCPR1H                       (abs)        000FBF
_CCPR1L                       (abs)        000FBE
_DelayFor18TCY                text9        000B7E
_DelayPORXLCD                 text7        000B6E
_DelayXLCD                    text6        000B5C
_INTCONbits                   (abs)        000FF2
_IPR1bits                     (abs)        000F9F
_ISR_Alta_Prioridade          intcode      000008
_ISR_Baixa_Prioridade         intcodelo    000018
_LATCbits                     (abs)        000F8B
_LATEbits                     (abs)        000F8D
_OpenXLCD                     text3        00081C
_PIE1bits                     (abs)        000F9D
_PIR1bits                     (abs)        000F9E
_PORTD                        (abs)        000F83
_RCONbits                     (abs)        000FD0
_SetDDRamAddr                 text5        000A8C
_T0CON                        (abs)        000FD5
_T1CON                        (abs)        000FCD
_T3CONbits                    (abs)        000FB1
_TMR0H                        (abs)        000FD7
_TMR0L                        (abs)        000FD6
_TMR1H                        (abs)        000FCF
_TMR1L                        (abs)        000FCE
_TRISCbits                    (abs)        000F94
_TRISD                        (abs)        000F95
_TRISE                        (abs)        000F96
_TRISEbits                    (abs)        000F96
_WriteCmdXLCD                 text4        000B0A
_WriteDataXLCD                text2        000ACC
__HRAM                        (abs)        000000
__H__absolute__               __absolute__ 000000
__Habs1                       abs1         000000
__Hbank0                      bank0        000000
__Hbank1                      bank1        000000
__Hbank2                      bank2        000000
__Hbank3                      bank3        000000
__Hbank4                      bank4        000000
__Hbank5                      bank5        000000
__Hbank6                      bank6        000000
__Hbank7                      bank7        000000
__Hbigbss                     bigbss       000000
__Hbigdata                    bigdata      000000
__Hbigram                     bigram       000000
__Hbigsfr                     bigsfr       000000
__Hbss                        bss          000000
__HbssCOMRAM                  bssCOMRAM    000000
__Hcinit                      cinit        000000
__Hclrtext                    clrtext      000000
__Hcomram                     comram       000000
__Hconfig                     config       30000E
__Hconst                      const        000000
__HcstackCOMRAM               cstackCOMRAM 000000
__Hdata                       data         000000
__Heeprom_data                eeprom_data  000000
__Hfarbss                     farbss       000000
__Hfardata                    fardata      000000
__Hheap                       heap         000000
__Hibigdata                   ibigdata     000000
__Hidata                      idata        000000
__Hidloc                      idloc        200008
__Hifardata                   ifardata     000000
__Hinit                       init         00002A
__Hintcode                    intcode      00000E
__Hintcode_body               intcode_body 000000
__Hintcodelo                  intcodelo    000026
__Hintentry                   intentry     000000
__Hintret                     intret       000000
__Hintsave_regs               intsave_regs 000000
__Hirdata                     irdata       000000
__Hmediumconst                mediumconst  000000
__HnvFARRAM                   nvFARRAM     000000
__Hnvbit                      nvbit        000000
__Hnvrram                     nvrram       000000
__Hparam                      rparam       000000
__Hpowerup                    powerup      000000
__Hram                        ram          000000
__Hramtop                     ramtop       000800
__Hrbit                       rbit         000000
__Hrbss                       rbss         000000
__Hrdata                      rdata        000000
__Hreset_vec                  reset_vec    000004
__Hrparam                     rparam       000000
__Hsfr                        sfr          000000
__Hsivt_hi                    sivt_hi      000000
__Hsivt_lo                    sivt_lo      000026
__Hsmallconst                 smallconst   00081C
__Hspace_0                    (abs)        000B88
__Hspace_1                    (abs)        000008
__Hspace_2                    (abs)        000000
__Hspace_4                    (abs)        60000E
__Hstack                      stack        000000
__Hstruct                     struct       000000
__Htemp                       temp         000000
__Htext                       text         000000
__Htext0                      text0        000000
__Htext1                      text1        000000
__Htext2                      text2        000000
__Htext3                      text3        000000
__Htext4                      text4        000000
__Htext5                      text5        000000
__Htext6                      text6        000000
__Htext7                      text7        000000
__Htext8                      text8        000000
__Htext9                      text9        000000
__LRAM                        (abs)        000001
__L__absolute__               __absolute__ 000000
__Labs1                       abs1         000000
__Lbank0                      bank0        000000
__Lbank1                      bank1        000000
__Lbank2                      bank2        000000
__Lbank3                      bank3        000000
__Lbank4                      bank4        000000
__Lbank5                      bank5        000000
__Lbank6                      bank6        000000
__Lbank7                      bank7        000000
__Lbigbss                     bigbss       000000
__Lbigdata                    bigdata      000000
__Lbigram                     bigram       000000
__Lbigsfr                     bigsfr       000000
__Lbss                        bss          000000
__LbssCOMRAM                  bssCOMRAM    000000
__Lcinit                      cinit        000000
__Lclrtext                    clrtext      000000
__Lcomram                     comram       000000
__Lconfig                     config       000000
__Lconst                      const        000000
__LcstackCOMRAM               cstackCOMRAM 000000
__Ldata                       data         000000
__Leeprom_data                eeprom_data  000000
__Lfarbss                     farbss       000000
__Lfardata                    fardata      000000
__Lheap                       heap         000000
__Libigdata                   ibigdata     000000
__Lidata                      idata        000000
__Lidloc                      idloc        000000
__Lifardata                   ifardata     000000
__Linit                       init         000026
__Lintcode                    intcode      000008
__Lintcode_body               intcode_body 000000
__Lintcodelo                  intcodelo    000018
__Lintentry                   intentry     000000
__Lintret                     intret       000000
__Lintsave_regs               intsave_regs 000000
__Lirdata                     irdata       000000
__Lmediumconst                mediumconst  000000
__LnvFARRAM                   nvFARRAM     000000
__Lnvbit                      nvbit        000000
__Lnvrram                     nvrram       000000
__Lparam                      rparam       000000
__Lpowerup                    powerup      000000
__Lram                        ram          000000
__Lramtop                     ramtop       000800
__Lrbit                       rbit         000000
__Lrbss                       rbss         000000
__Lrdata                      rdata        000000
__Lreset_vec                  reset_vec    000000
__Lrparam                     rparam       000000
__Lsfr                        sfr          000000
__Lsivt_hi                    sivt_hi      000000
__Lsivt_lo                    sivt_lo      000026
__Lsmallconst                 smallconst   000800
__Lspace_0                    (abs)        000000
__Lspace_1                    (abs)        000000
__Lspace_2                    (abs)        000000
__Lspace_4                    (abs)        000000
__Lstack                      stack        000000
__Lstruct                     struct       000000
__Ltemp                       temp         000000
__Ltext                       text         000000
__Ltext0                      text0        000000
__Ltext1                      text1        000000
__Ltext2                      text2        000000
__Ltext3                      text3        000000
__Ltext4                      text4        000000
__Ltext5                      text5        000000
__Ltext6                      text6        000000
__Ltext7                      text7        000000
__Ltext8                      text8        000000
__Ltext9                      text9        000000
__S0                          (abs)        000B88
__S1                          (abs)        000008
__S4                          (abs)        000000
__S5                          (abs)        000000
___heap_hi                    (abs)        000000
___heap_lo                    (abs)        000000
___inthi_sp                   stack        000000
___inthi_stack_hi             stack        000000
___inthi_stack_lo             stack        000000
___intlo_sp                   stack        000000
___intlo_stack_hi             stack        000000
___intlo_stack_lo             stack        000000
___param_bank                 (abs)        000000
___rparam_used                (abs)        000001
___sp                         stack        000000
___stack_hi                   stack        000000
___stack_lo                   stack        000000
__accesstop                   (abs)        000060
__activetblptr                (abs)        000001
__end_of_BusyXLCD             text8        000A4C
__end_of_DelayFor18TCY        text9        000B88
__end_of_DelayPORXLCD         text7        000B7E
__end_of_DelayXLCD            text6        000B6E
__end_of_ISR_Alta_Prioridade  intcode_body 000A06
__end_of_ISR_Baixa_Prioridade intcodelo    000026
__end_of_OpenXLCD             text3        00090A
__end_of_SetDDRamAddr         text5        000ACC
__end_of_WriteCmdXLCD         text4        000B48
__end_of_WriteDataXLCD        text2        000B0A
__end_of__initialization      cinit        000B4A
__end_of_main                 text0        00098C
__end_of_putrsXLCD            text1        000A8C
__initialization              cinit        000B48
__mediumconst                 smallconst   000800
__pbssCOMRAM                  bssCOMRAM    000007
__pcinit                      cinit        000B48
__pcstackCOMRAM               cstackCOMRAM 000002
__pintcode                    intcode      000008
__pintcode_body               intcode_body 00098C
__pintcodelo                  intcodelo    000018
__psmallconst                 smallconst   000800
__ptext0                      text0        00090A
__ptext1                      text1        000A4C
__ptext2                      text2        000ACC
__ptext3                      text3        00081C
__ptext4                      text4        000B0A
__ptext5                      text5        000A8C
__ptext6                      text6        000B5C
__ptext7                      text7        000B6E
__ptext8                      text8        000A06
__ptext9                      text9        000B7E
__ramtop                      ramtop       000800
__smallconst                  smallconst   000800
_main                         text0        00090A
_putrsXLCD                    text1        000A4C
btemp                         (abs)        000001
btemp0                        (abs)        000001
btemp1                        (abs)        000002
end_of_initialization         cinit        000B4A
int$flags                     (abs)        000001
int_func                      intcode_body 00098C
intlevel0                     text         000000
intlevel1                     text         000000
intlevel2                     text         000000
intlevel3                     text         000000
isa$std                       (abs)        000001
isa$xinst                     (abs)        000000
putrsXLCD@buffer              cstackCOMRAM 000005
stackhi                       (abs)        000000
stacklo                       (abs)        000000
start                         init         000026
start_initialization          cinit        000B48


MODULE INFORMATION

Module		Function		Class		Link	Load	Size
newmain.c
		_main          		CODE           	090A	0000	130

newmain.c estimated size: 130

nxlcd.c
		_BusyXLCD      		CODE           	0A06	0000	70
		_DelayFor18TCY 		CODE           	0B7E	0000	10
		_DelayXLCD     		CODE           	0B5C	0000	18
		_WriteCmdXLCD  		CODE           	0B0A	0000	62
		_OpenXLCD      		CODE           	081C	0000	238
		_WriteDataXLCD 		CODE           	0ACC	0000	62
		_SetDDRamAddr  		CODE           	0A8C	0000	64
		_DelayPORXLCD  		CODE           	0B6E	0000	16
		_putrsXLCD     		CODE           	0A4C	0000	64

nxlcd.c estimated size: 604

isr.c
		_ISR_Alta_Prioridade		CODE           	0008	0000	128
		_ISR_Baixa_Prioridade		CODE           	0018	0000	14

isr.c estimated size: 142

shared
		__initialization		CODE           	0B48	0000	2

shared estimated size: 2

