Microchip MPLAB XC8 Compiler V1.45 ()

Linker command line:

-W-3 --edf=C:\Program Files (x86)\Microchip\xc8\v1.45\dat\en_msgs.txt -cs \
  -h+dist/default/production\aa.X.production.sym \
  --cmf=dist/default/production\aa.X.production.cmf -z -Q18F4550 \
  -oC:\Users\Aluno\AppData\Local\Temp\s7b0.2 \
  -Mdist/default/production/aa.X.production.map -E1 -ver=XC8 \
  -ASTACK=066h-07ffh -pstack=STACK -ACODE=00h-07FFFh -ACONST=00h-07FFFh \
  -ASMALLCONST=0800h-08FFhx120 -AMEDIUMCONST=0800h-07FFFh -ACOMRAM=01h-05Fh \
  -AABS1=00h-07FFh -ABIGRAM=01h-07FFh -ARAM=060h-0FFh,0100h-01FFhx7 \
  -ABANK0=060h-0FFh -ABANK1=0100h-01FFh -ABANK2=0200h-02FFh \
  -ABANK3=0300h-03FFh -ABANK4=0400h-04FFh -ABANK5=0500h-05FFh \
  -ABANK6=0600h-06FFh -ABANK7=0700h-07FFh -ASFR=0F60h-0FFFh \
  -preset_vec=00h,intcode=08h,intcodelo=018h,powerup,init -pramtop=0800h \
  -psmallconst=SMALLCONST -pmediumconst=MEDIUMCONST -pconst=CONST \
  -AFARRAM=00h-00h -ACONFIG=0300000h-030000Dh -pconfig=CONFIG \
  -AIDLOC=0200000h-0200007h -pidloc=IDLOC -AEEDATA=0F00000h-0F000FFh \
  -peeprom_data=EEDATA \
  -prdata=COMRAM,nvrram=COMRAM,nvbit=COMRAM,rbss=COMRAM,rbit=COMRAM \
  -pfarbss=FARRAM,fardata=FARRAM,nvFARRAM=FARRAM \
  -pintsave_regs=BIGRAM,bigbss=BIGRAM,bigdata=BIGRAM -pbss=RAM \
  -pidata=CODE,irdata=CODE,ibigdata=CODE,ifardata=CODE -prparam=COMRAM \
  C:\Users\Aluno\AppData\Local\Temp\s7b0.obj \
  dist/default/production\aa.X.production.obj 

Object code version is 3.11

Machine type is 18F4550

Call graph: (short form)




                Name                               Link     Load   Length Selector   Space Scale
C:\Users\Aluno\AppData\Local\Temp\s7b0.obj
                init                                 EE       EE        4        C       0
                reset_vec                             0        0        4        0       0
                idloc                            200000   200000        8   200000       0
                config                           300000   300000        E   300000       0
dist/default/production\aa.X.production.obj
                intcodelo                            18       18       D6        C       0
                intcode                               8        8        6        4       0
                temp                                 3A       3A        1        1       1
                smallconst                          800      800       FE      400       0
                text23                              EAA      EAA       84      47F       0
                text22                              F2E      F2E       70      47F       0
                text21                             12C4     12C4        A      47F       0
                text20                             10EA     10EA       3E      47F       0
                text19                             119C     119C       38      47F       0
                text18                             1162     1162       3A      47F       0
                text17                             12AA     12AA       10      47F       0
                text16                             1298     1298       12      47F       0
                text15                             106C     106C       40      47F       0
                text14                             10AC     10AC       3E      47F       0
                text13                              E02      E02       A8      47F       0
                text12                             120A     120A       34      47F       0
                intcode_body                        8FE      8FE      368      47F       0
                text9                              12BA     12BA        A      47F       0
                text8                              1128     1128       3A      47F       0
                text7                              1284     1284       14      47F       0
                text6                              1270     1270       14      47F       0
                text5                               F9E      F9E       46      47F       0
                text4                              1028     1028       44      47F       0
                text3                               D56      D56       AC      47F       0
                text2                               FE4      FE4       44      47F       0
                text1                              11D4     11D4       36      47F       0
                text0                               C66      C66       F0      47F       0
                cstackCOMRAM                          1        1       35        1       1
                cstackBANK0                          60       60        5       60       1
                bssBANK0                             65       65        1       60       1
                dataCOMRAM                           36       36        4        1       1
                cinit                              123E     123E       32      47F       0
                idataCOMRAM                        12CE     12CE        4      47F       0

TOTAL           Name                               Link     Load   Length     Space
        CLASS   STACK          

        CLASS   CODE           
                intcodelo                            18       18       D6         0
                intcode                               8        8        6         0
                init                                 EE       EE        4         0
                reset_vec                             0        0        4         0
                text23                              EAA      EAA       84         0
                text22                              F2E      F2E       70         0
                text21                             12C4     12C4        A         0
                text20                             10EA     10EA       3E         0
                text19                             119C     119C       38         0
                text18                             1162     1162       3A         0
                text17                             12AA     12AA       10         0
                text16                             1298     1298       12         0
                text15                             106C     106C       40         0
                text14                             10AC     10AC       3E         0
                text13                              E02      E02       A8         0
                text12                             120A     120A       34         0
                intcode_body                        8FE      8FE      368         0
                text9                              12BA     12BA        A         0
                text8                              1128     1128       3A         0
                text7                              1284     1284       14         0
                text6                              1270     1270       14         0
                text5                               F9E      F9E       46         0
                text4                              1028     1028       44         0
                text3                               D56      D56       AC         0
                text2                               FE4      FE4       44         0
                text1                              11D4     11D4       36         0
                text0                               C66      C66       F0         0
                cinit                              123E     123E       32         0
                idataCOMRAM                        12CE     12CE        4         0

        CLASS   CONST          

        CLASS   SMALLCONST     
                smallconst                          800      800       FE         0

        CLASS   MEDIUMCONST    

        CLASS   COMRAM         
                temp                                 3A       3A        1         1
                cstackCOMRAM                          1        1       35         1
                dataCOMRAM                           36       36        4         1

        CLASS   ABS1           

        CLASS   BIGRAM         

        CLASS   RAM            

        CLASS   BANK0          
                cstackBANK0                          60       60        5         1
                bssBANK0                             65       65        1         1

        CLASS   BANK1          

        CLASS   BANK2          

        CLASS   BANK3          

        CLASS   BANK4          

        CLASS   BANK5          

        CLASS   BANK6          

        CLASS   BANK7          

        CLASS   SFR            

        CLASS   FARRAM         

        CLASS   CONFIG         
                config                           300000   300000        E         0

        CLASS   IDLOC          
                idloc                            200000   200000        8         0

        CLASS   EEDATA         



SEGMENTS        Name                           Load    Length   Top    Selector   Space  Class

                reset_vec                      000000  000004  000004         0       0  CODE    
                cstackCOMRAM                   000001  00003A  00003B         1       1  COMRAM  
                intcode                        000008  000006  00000E         4       0  CODE    
                intcodelo                      000018  0000DA  0000F2         C       0  CODE    
                cstackBANK0                    000060  000006  000066        60       1  BANK0   
                smallconst                     000800  0000FE  0008FE       400       0  SMALLCON
                intcode_body                   0008FE  0009D4  0012D2       47F       0  CODE    
                idloc                          200000  000008  200008    200000       0  IDLOC   
                config                         300000  00000E  30000E    300000       0  CONFIG  


UNUSED ADDRESS RANGES

        Name                Unused          Largest block    Delta
        BANK0            000066-0000FF               9A
        BANK1            000100-0001FF              100
        BANK2            000200-0002FF              100
        BANK3            000300-0003FF              100
        BANK4            000400-0004FF              100
        BANK5            000500-0005FF              100
        BANK6            000600-0006FF              100
        BANK7            000700-0007FF              100
        BIGRAM           00003B-00005F               25
                         000066-0007FF              79A
        CODE             000004-000007                4
                         00000E-000017                A
                         0000F2-0007FF              70E
                         0012D2-007FFF             6D2E
        COMRAM           00003B-00005F               25
        CONST            000004-000007                4
                         00000E-000017                A
                         0000F2-0007FF              70E
                         0012D2-007FFF             6D2E
        EEDATA           F00000-F000FF              100
        MEDIUMCONST      0012D2-007FFF             6D2E
        RAM              000066-0007FF              100
        SFR              000F60-000FFF               A0
        SMALLCONST       0012D2-007FFF              100
        STACK            000066-0007FF              79A

                                  Symbol Table

?___awdiv                      cstackCOMRAM 000001
?___awmod                      cstackCOMRAM 000001
ISR_Alta_Prioridade@ciclo      cstackCOMRAM 00001E
ISR_Alta_Prioridade@fatia      cstackCOMRAM 000020
OpenXLCD@lcdtype               cstackBANK0  000061
SetDDRamAddr@DDaddr            cstackBANK0  000060
WriteCmdXLCD@cmd               cstackBANK0  000060
WriteDataXLCD@data             cstackBANK0  000060
_ADCON1                        (abs)        000FC1
_BusyXLCD                      text8        001128
_DelayFor18TCY                 text9        0012BA
_DelayPORXLCD                  text7        001284
_DelayXLCD                     text6        001270
_INTCON2bits                   (abs)        000FF1
_INTCON3bits                   (abs)        000FF0
_INTCONbits                    (abs)        000FF2
_ISR_Alta_Prioridade           intcode      000008
_ISR_Baixa_Prioridade          intcodelo    000018
_LATAbits                      (abs)        000F89
_LATCbits                      (abs)        000F8B
_LATEbits                      (abs)        000F8D
_OpenXLCD                      text3        000D56
_PORTAbits                     (abs)        000F80
_PORTBbits                     (abs)        000F81
_PORTD                         (abs)        000F83
_RCONbits                      (abs)        000FD0
_SetDDRamAddr                  text5        000F9E
_TRISAbits                     (abs)        000F92
_TRISBbits                     (abs)        000F93
_TRISCbits                     (abs)        000F94
_TRISD                         (abs)        000F95
_TRISEbits                     (abs)        000F96
_WriteCmdXLCD                  text4        001028
_WriteDataXLCD                 text2        000FE4
__CFG_CPUDIV$OSC1_PLL2         (abs)        000000
__CFG_FOSC$HS                  (abs)        000000
__CFG_LVP$OFF                  (abs)        000000
__CFG_PBADEN$OFF               (abs)        000000
__CFG_WDT$ON                   (abs)        000000
__CFG_WDTPS$512                (abs)        000000
__HRAM                         (abs)        000000
__Habs1                        abs1         000000
__Hbank0                       bank0        000000
__Hbank1                       bank1        000000
__Hbank2                       bank2        000000
__Hbank3                       bank3        000000
__Hbank4                       bank4        000000
__Hbank5                       bank5        000000
__Hbank6                       bank6        000000
__Hbank7                       bank7        000000
__Hbigbss                      bigbss       000000
__Hbigdata                     bigdata      000000
__Hbigram                      bigram       000000
__Hbss                         bss          000000
__HbssBANK0                    bssBANK0     000000
__Hcinit                       cinit        000000
__Hclrtext                     clrtext      000000
__Hcomram                      comram       000000
__Hconfig                      config       30000E
__Hconst                       const        000000
__HcstackBANK0                 cstackBANK0  000000
__HcstackCOMRAM                cstackCOMRAM 000000
__Hdata                        data         000000
__HdataCOMRAM                  dataCOMRAM   000000
__Heeprom_data                 eeprom_data  000000
__Hfarbss                      farbss       000000
__Hfardata                     fardata      000000
__Hibigdata                    ibigdata     000000
__Hidata                       idata        000000
__HidataCOMRAM                 idataCOMRAM  000000
__Hidloc                       idloc        200008
__Hifardata                    ifardata     000000
__Hinit                        init         0000F2
__Hintcode                     intcode      00000E
__Hintcode_body                intcode_body 000000
__Hintcodelo                   intcodelo    0000EE
__Hintentry                    intentry     000000
__Hintret                      intret       000000
__Hintsave_regs                intsave_regs 000000
__Hirdata                      irdata       000000
__Hmediumconst                 mediumconst  000000
__HnvFARRAM                    nvFARRAM     000000
__Hnvbit                       nvbit        000000
__Hnvrram                      nvrram       000000
__Hparam                       rparam       000000
__Hpowerup                     powerup      0000EE
__Hram                         ram          000000
__Hramtop                      ramtop       000800
__Hrbit                        rbit         000000
__Hrbss                        rbss         000000
__Hrdata                       rdata        000000
__Hreset_vec                   reset_vec    000004
__Hrparam                      rparam       000000
__Hsfr                         sfr          000000
__Hsmallconst                  smallconst   0008FE
__Hspace_0                     (abs)        30000E
__Hspace_1                     (abs)        000066
__Hspace_2                     (abs)        000000
__Hstack                       stack        000000
__Hstruct                      struct       000000
__Htemp                        temp         00003B
__Htext                        text         000000
__Htext0                       text0        000000
__Htext1                       text1        000000
__Htext12                      text12       000000
__Htext13                      text13       000000
__Htext14                      text14       000000
__Htext15                      text15       000000
__Htext16                      text16       000000
__Htext17                      text17       000000
__Htext18                      text18       000000
__Htext19                      text19       000000
__Htext2                       text2        000000
__Htext20                      text20       000000
__Htext21                      text21       000000
__Htext22                      text22       000000
__Htext23                      text23       000000
__Htext3                       text3        000000
__Htext4                       text4        000000
__Htext5                       text5        000000
__Htext6                       text6        000000
__Htext7                       text7        000000
__Htext8                       text8        000000
__Htext9                       text9        000000
__LRAM                         (abs)        000001
__Labs1                        abs1         000000
__Lbank0                       bank0        000000
__Lbank1                       bank1        000000
__Lbank2                       bank2        000000
__Lbank3                       bank3        000000
__Lbank4                       bank4        000000
__Lbank5                       bank5        000000
__Lbank6                       bank6        000000
__Lbank7                       bank7        000000
__Lbigbss                      bigbss       000000
__Lbigdata                     bigdata      000000
__Lbigram                      bigram       000000
__Lbss                         bss          000000
__LbssBANK0                    bssBANK0     000000
__Lcinit                       cinit        000000
__Lclrtext                     clrtext      000000
__Lcomram                      comram       000000
__Lconfig                      config       300000
__Lconst                       const        000000
__LcstackBANK0                 cstackBANK0  000000
__LcstackCOMRAM                cstackCOMRAM 000000
__Ldata                        data         000000
__LdataCOMRAM                  dataCOMRAM   000000
__Leeprom_data                 eeprom_data  000000
__Lfarbss                      farbss       000000
__Lfardata                     fardata      000000
__Libigdata                    ibigdata     000000
__Lidata                       idata        000000
__LidataCOMRAM                 idataCOMRAM  000000
__Lidloc                       idloc        200000
__Lifardata                    ifardata     000000
__Linit                        init         0000EE
__Lintcode                     intcode      000008
__Lintcode_body                intcode_body 000000
__Lintcodelo                   intcodelo    000018
__Lintentry                    intentry     000000
__Lintret                      intret       000000
__Lintsave_regs                intsave_regs 000000
__Lirdata                      irdata       000000
__Lmediumconst                 mediumconst  000000
__LnvFARRAM                    nvFARRAM     000000
__Lnvbit                       nvbit        000000
__Lnvrram                      nvrram       000000
__Lparam                       rparam       000000
__Lpowerup                     powerup      0000EE
__Lram                         ram          000000
__Lramtop                      ramtop       000800
__Lrbit                        rbit         000000
__Lrbss                        rbss         000000
__Lrdata                       rdata        000000
__Lreset_vec                   reset_vec    000000
__Lrparam                      rparam       000000
__Lsfr                         sfr          000000
__Lsmallconst                  smallconst   000800
__Lspace_0                     (abs)        000000
__Lspace_1                     (abs)        000000
__Lspace_2                     (abs)        000000
__Lstack                       stack        000000
__Lstruct                      struct       000000
__Ltemp                        temp         00003A
__Ltext                        text         000000
__Ltext0                       text0        000000
__Ltext1                       text1        000000
__Ltext12                      text12       000000
__Ltext13                      text13       000000
__Ltext14                      text14       000000
__Ltext15                      text15       000000
__Ltext16                      text16       000000
__Ltext17                      text17       000000
__Ltext18                      text18       000000
__Ltext19                      text19       000000
__Ltext2                       text2        000000
__Ltext20                      text20       000000
__Ltext21                      text21       000000
__Ltext22                      text22       000000
__Ltext23                      text23       000000
__Ltext3                       text3        000000
__Ltext4                       text4        000000
__Ltext5                       text5        000000
__Ltext6                       text6        000000
__Ltext7                       text7        000000
__Ltext8                       text8        000000
__Ltext9                       text9        000000
__S0                           (abs)        30000E
__S1                           (abs)        000066
__S2                           (abs)        000000
___awdiv                       text23       000EAA
___awdiv@counter               cstackCOMRAM 000005
___awdiv@dividend              cstackCOMRAM 000001
___awdiv@divisor               cstackCOMRAM 000003
___awdiv@quotient              cstackCOMRAM 000007
___awdiv@sign                  cstackCOMRAM 000006
___awmod                       text22       000F2E
___awmod@counter               cstackCOMRAM 000005
___awmod@dividend              cstackCOMRAM 000001
___awmod@divisor               cstackCOMRAM 000003
___awmod@sign                  cstackCOMRAM 000006
___inthi_sp                    stack        000000
___intlo_sp                    stack        000000
___param_bank                  (abs)        000000
___rparam_used                 (abs)        000001
___sp                          stack        000000
__accesstop                    (abs)        000060
__activetblptr                 (abs)        000002
__end_of_BusyXLCD              text8        001162
__end_of_DelayFor18TCY         text9        0012C4
__end_of_DelayPORXLCD          text7        001298
__end_of_DelayXLCD             text6        001284
__end_of_ISR_Alta_Prioridade   intcode_body 000C66
__end_of_ISR_Baixa_Prioridade  intcodelo    0000EE
__end_of_OpenXLCD              text3        000E02
__end_of_SetDDRamAddr          text5        000FE4
__end_of_WriteCmdXLCD          text4        00106C
__end_of_WriteDataXLCD         text2        001028
__end_of___awdiv               text23       000F2E
__end_of___awmod               text22       000F9E
__end_of__initialization       cinit        001262
__end_of_escreve2dig           text19       0011D4
__end_of_main                  text0        000D56
__end_of_putrsXLCD             text1        00120A
__end_ofi2_BusyXLCD            text18       00119C
__end_ofi2_DelayFor18TCY       text21       0012CE
__end_ofi2_DelayPORXLCD        text17       0012BA
__end_ofi2_DelayXLCD           text16       0012AA
__end_ofi2_OpenXLCD            text13       000EAA
__end_ofi2_SetDDRamAddr        text15       0010AC
__end_ofi2_WriteCmdXLCD        text14       0010EA
__end_ofi2_WriteDataXLCD       text20       001128
__end_ofi2_putrsXLCD           text12       00123E
__initialization               cinit        00123E
__mediumconst                  mediumconst  000000
__pbssBANK0                    bssBANK0     000065
__pcinit                       cinit        00123E
__pcstackBANK0                 cstackBANK0  000060
__pcstackCOMRAM                cstackCOMRAM 000001
__pdataCOMRAM                  dataCOMRAM   000036
__pidataCOMRAM                 idataCOMRAM  0012CE
__pintcode                     intcode      000008
__pintcode_body                intcode_body 0008FE
__pintcodelo                   intcodelo    000018
__psmallconst                  smallconst   000800
__ptext0                       text0        000C66
__ptext1                       text1        0011D4
__ptext12                      text12       00120A
__ptext13                      text13       000E02
__ptext14                      text14       0010AC
__ptext15                      text15       00106C
__ptext16                      text16       001298
__ptext17                      text17       0012AA
__ptext18                      text18       001162
__ptext19                      text19       00119C
__ptext2                       text2        000FE4
__ptext20                      text20       0010EA
__ptext21                      text21       0012C4
__ptext22                      text22       000F2E
__ptext23                      text23       000EAA
__ptext3                       text3        000D56
__ptext4                       text4        001028
__ptext5                       text5        000F9E
__ptext6                       text6        001270
__ptext7                       text7        001284
__ptext8                       text8        001128
__ptext9                       text9        0012BA
__ramtop                       ramtop       000800
__size_of_BusyXLCD             (abs)        000000
__size_of_DelayFor18TCY        (abs)        000000
__size_of_DelayPORXLCD         (abs)        000000
__size_of_DelayXLCD            (abs)        000000
__size_of_ISR_Alta_Prioridade  (abs)        000000
__size_of_ISR_Baixa_Prioridade (abs)        000000
__size_of_OpenXLCD             (abs)        000000
__size_of_SetDDRamAddr         (abs)        000000
__size_of_WriteCmdXLCD         (abs)        000000
__size_of_WriteDataXLCD        (abs)        000000
__size_of___awdiv              (abs)        000000
__size_of___awmod              (abs)        000000
__size_of_escreve2dig          (abs)        000000
__size_of_main                 (abs)        000000
__size_of_putrsXLCD            (abs)        000000
__size_ofi2_BusyXLCD           (abs)        000000
__size_ofi2_DelayFor18TCY      (abs)        000000
__size_ofi2_DelayPORXLCD       (abs)        000000
__size_ofi2_DelayXLCD          (abs)        000000
__size_ofi2_OpenXLCD           (abs)        000000
__size_ofi2_SetDDRamAddr       (abs)        000000
__size_ofi2_WriteCmdXLCD       (abs)        000000
__size_ofi2_WriteDataXLCD      (abs)        000000
__size_ofi2_putrsXLCD          (abs)        000000
__smallconst                   smallconst   000800
_escreve2dig                   text19       00119C
_h                             dataCOMRAM   000039
_m                             dataCOMRAM   000038
_main                          text0        000C66
_menu                          dataCOMRAM   000036
_modo                          bssBANK0     000065
_putrsXLCD                     text1        0011D4
_s                             dataCOMRAM   000037
btemp                          temp         00003A
end_of_initialization          cinit        001262
escreve2dig@v                  cstackCOMRAM 000009
i2OpenXLCD@lcdtype             cstackCOMRAM 000002
i2SetDDRamAddr@DDaddr          cstackCOMRAM 000001
i2WriteCmdXLCD@cmd             cstackCOMRAM 000001
i2WriteDataXLCD@data           cstackCOMRAM 000001
i2_BusyXLCD                    text18       001162
i2_DelayFor18TCY               text21       0012C4
i2_DelayPORXLCD                text17       0012AA
i2_DelayXLCD                   text16       001298
i2_OpenXLCD                    text13       000E02
i2_SetDDRamAddr                text15       00106C
i2_WriteCmdXLCD                text14       0010AC
i2_WriteDataXLCD               text20       0010EA
i2_putrsXLCD                   text12       00120A
i2putrsXLCD@buffer             cstackCOMRAM 000002
int$flags                      temp         00003A
int_func                       intcode_body 0008FE
intlevel0                      text         000000
intlevel1                      text         000000
intlevel2                      text         000000
intlevel3                      text         000000
main@atraso                    cstackBANK0  000064
putrsXLCD@buffer               cstackBANK0  000061
stackhi                        (abs)        0007FF
stacklo                        (abs)        000066
start                          init         0000EE
start_initialization           cinit        00123E
wtemp6                         temp         00003B


FUNCTION INFORMATION:

 *************** function _main *****************
 Defined at:
		line 201 in file "newmain.c"
 Parameters:    Size  Location     Type
		None
 Auto vars:     Size  Location     Type
  atraso          1    4[BANK0 ] unsigned char 
 Return value:  Size  Location     Type
                  1    wreg      void 
 Registers used:
		wreg, status,2, status,0, tblptrl, tblptrh, tblptru, cstack
 Tracked objects:
		On entry : 
		On exit  : 
		Unchanged: 
 Data sizes:     COMRAM   BANK0   BANK1   BANK2   BANK3   BANK4   BANK5   BANK6   BANK7
      Params:         0       0       0       0       0       0       0       0       0
      Locals:         0       1       0       0       0       0       0       0       0
      Temps:          0       1       0       0       0       0       0       0       0
      Totals:         0       2       0       0       0       0       0       0       0
Total ram usage:        2 bytes
 Hardware stack levels required when called:    8
 This function calls:
		_OpenXLCD
		_WriteCmdXLCD
		_putrsXLCD
 This function is called by:
		Startup code after reset
 This function uses a non-reentrant model


 *************** function _putrsXLCD *****************
 Defined at:
		line 533 in file "nxlcd.c"
 Parameters:    Size  Location     Type
  buffer          2    1[BANK0 ] PTR const unsigned char 
		 -> STR_20(17), STR_19(17), STR_18(17), STR_17(17), 
		 -> STR_16(16), STR_15(13), STR_14(13), STR_13(6), 
		 -> STR_12(16), STR_11(17), STR_10(16), STR_9(17), 
		 -> STR_8(17), STR_7(17), STR_6(16), STR_5(17), 
		 -> STR_4(17), STR_3(17), STR_2(3), STR_1(17), 
 Auto vars:     Size  Location     Type
		None
 Return value:  Size  Location     Type
                  1    wreg      void 
 Registers used:
		wreg, status,2, status,0, tblptrl, tblptrh, tblptru, cstack
 Tracked objects:
		On entry : 
		On exit  : 
		Unchanged: 
 Data sizes:     COMRAM   BANK0   BANK1   BANK2   BANK3   BANK4   BANK5   BANK6   BANK7
      Params:         0       2       0       0       0       0       0       0       0
      Locals:         0       0       0       0       0       0       0       0       0
      Temps:          0       0       0       0       0       0       0       0       0
      Totals:         0       2       0       0       0       0       0       0       0
Total ram usage:        2 bytes
 Hardware stack levels used:    1
 Hardware stack levels required when called:    7
 This function calls:
		_BusyXLCD
		_WriteDataXLCD
 This function is called by:
		_main
		_atualiza_display
 This function uses a non-reentrant model


 *************** function _WriteDataXLCD *****************
 Defined at:
		line 449 in file "nxlcd.c"
 Parameters:    Size  Location     Type
  data            1    wreg     unsigned char 
 Auto vars:     Size  Location     Type
  data            1    0[BANK0 ] unsigned char 
 Return value:  Size  Location     Type
                  1    wreg      void 
 Registers used:
		wreg, status,2, status,0, cstack
 Tracked objects:
		On entry : 
		On exit  : 
		Unchanged: 
 Data sizes:     COMRAM   BANK0   BANK1   BANK2   BANK3   BANK4   BANK5   BANK6   BANK7
      Params:         0       0       0       0       0       0       0       0       0
      Locals:         0       1       0       0       0       0       0       0       0
      Temps:          0       0       0       0       0       0       0       0       0
      Totals:         0       1       0       0       0       0       0       0       0
Total ram usage:        1 bytes
 Hardware stack levels used:    1
 Hardware stack levels required when called:    6
 This function calls:
		_DelayFor18TCY
 This function is called by:
		_putrsXLCD
		_atualiza_display
		_putsXLCD
 This function uses a non-reentrant model


 *************** function _OpenXLCD *****************
 Defined at:
		line 41 in file "nxlcd.c"
 Parameters:    Size  Location     Type
  lcdtype         1    wreg     unsigned char 
 Auto vars:     Size  Location     Type
  lcdtype         1    1[BANK0 ] unsigned char 
 Return value:  Size  Location     Type
                  1    wreg      void 
 Registers used:
		wreg, status,2, status,0, cstack
 Tracked objects:
		On entry : 
		On exit  : 
		Unchanged: 
 Data sizes:     COMRAM   BANK0   BANK1   BANK2   BANK3   BANK4   BANK5   BANK6   BANK7
      Params:         0       0       0       0       0       0       0       0       0
      Locals:         0       1       0       0       0       0       0       0       0
      Temps:          0       0       0       0       0       0       0       0       0
      Totals:         0       1       0       0       0       0       0       0       0
Total ram usage:        1 bytes
 Hardware stack levels used:    1
 Hardware stack levels required when called:    7
 This function calls:
		_BusyXLCD
		_DelayPORXLCD
		_DelayXLCD
		_SetDDRamAddr
		_WriteCmdXLCD
 This function is called by:
		_main
 This function uses a non-reentrant model


 *************** function _WriteCmdXLCD *****************
 Defined at:
		line 388 in file "nxlcd.c"
 Parameters:    Size  Location     Type
  cmd             1    wreg     unsigned char 
 Auto vars:     Size  Location     Type
  cmd             1    0[BANK0 ] unsigned char 
 Return value:  Size  Location     Type
                  1    wreg      void 
 Registers used:
		wreg, status,2, status,0, cstack
 Tracked objects:
		On entry : 
		On exit  : 
		Unchanged: 
 Data sizes:     COMRAM   BANK0   BANK1   BANK2   BANK3   BANK4   BANK5   BANK6   BANK7
      Params:         0       0       0       0       0       0       0       0       0
      Locals:         0       1       0       0       0       0       0       0       0
      Temps:          0       0       0       0       0       0       0       0       0
      Totals:         0       1       0       0       0       0       0       0       0
Total ram usage:        1 bytes
 Hardware stack levels used:    1
 Hardware stack levels required when called:    6
 This function calls:
		_DelayFor18TCY
 This function is called by:
		_main
		_OpenXLCD
		_atualiza_display
 This function uses a non-reentrant model


 *************** function _SetDDRamAddr *****************
 Defined at:
		line 171 in file "nxlcd.c"
 Parameters:    Size  Location     Type
  DDaddr          1    wreg     unsigned char 
 Auto vars:     Size  Location     Type
  DDaddr          1    0[BANK0 ] unsigned char 
 Return value:  Size  Location     Type
                  1    wreg      void 
 Registers used:
		wreg, status,2, status,0, cstack
 Tracked objects:
		On entry : 
		On exit  : 
		Unchanged: 
 Data sizes:     COMRAM   BANK0   BANK1   BANK2   BANK3   BANK4   BANK5   BANK6   BANK7
      Params:         0       0       0       0       0       0       0       0       0
      Locals:         0       1       0       0       0       0       0       0       0
      Temps:          0       0       0       0       0       0       0       0       0
      Totals:         0       1       0       0       0       0       0       0       0
Total ram usage:        1 bytes
 Hardware stack levels used:    1
 Hardware stack levels required when called:    6
 This function calls:
		_DelayFor18TCY
 This function is called by:
		_OpenXLCD
 This function uses a non-reentrant model


 *************** function _DelayXLCD *****************
 Defined at:
		line 22 in file "nxlcd.c"
 Parameters:    Size  Location     Type
		None
 Auto vars:     Size  Location     Type
		None
 Return value:  Size  Location     Type
                  1    wreg      void 
 Registers used:
		wreg
 Tracked objects:
		On entry : 
		On exit  : 
		Unchanged: 
 Data sizes:     COMRAM   BANK0   BANK1   BANK2   BANK3   BANK4   BANK5   BANK6   BANK7
      Params:         0       0       0       0       0       0       0       0       0
      Locals:         0       0       0       0       0       0       0       0       0
      Temps:          0       1       0       0       0       0       0       0       0
      Totals:         0       1       0       0       0       0       0       0       0
Total ram usage:        1 bytes
 Hardware stack levels used:    1
 Hardware stack levels required when called:    5
 This function calls:
		Nothing
 This function is called by:
		_OpenXLCD
 This function uses a non-reentrant model


 *************** function _DelayPORXLCD *****************
 Defined at:
		line 17 in file "nxlcd.c"
 Parameters:    Size  Location     Type
		None
 Auto vars:     Size  Location     Type
		None
 Return value:  Size  Location     Type
                  1    wreg      void 
 Registers used:
		wreg
 Tracked objects:
		On entry : 
		On exit  : 
		Unchanged: 
 Data sizes:     COMRAM   BANK0   BANK1   BANK2   BANK3   BANK4   BANK5   BANK6   BANK7
      Params:         0       0       0       0       0       0       0       0       0
      Locals:         0       0       0       0       0       0       0       0       0
      Temps:          0       1       0       0       0       0       0       0       0
      Totals:         0       1       0       0       0       0       0       0       0
Total ram usage:        1 bytes
 Hardware stack levels used:    1
 Hardware stack levels required when called:    5
 This function calls:
		Nothing
 This function is called by:
		_OpenXLCD
 This function uses a non-reentrant model


 *************** function _BusyXLCD *****************
 Defined at:
		line 227 in file "nxlcd.c"
 Parameters:    Size  Location     Type
		None
 Auto vars:     Size  Location     Type
		None
 Return value:  Size  Location     Type
                  1    wreg      unsigned char 
 Registers used:
		wreg, cstack
 Tracked objects:
		On entry : 
		On exit  : 
		Unchanged: 
 Data sizes:     COMRAM   BANK0   BANK1   BANK2   BANK3   BANK4   BANK5   BANK6   BANK7
      Params:         0       0       0       0       0       0       0       0       0
      Locals:         0       0       0       0       0       0       0       0       0
      Temps:          0       0       0       0       0       0       0       0       0
      Totals:         0       0       0       0       0       0       0       0       0
Total ram usage:        0 bytes
 Hardware stack levels used:    1
 Hardware stack levels required when called:    6
 This function calls:
		_DelayFor18TCY
 This function is called by:
		_OpenXLCD
		_putrsXLCD
		_putsXLCD
 This function uses a non-reentrant model


 *************** function _DelayFor18TCY *****************
 Defined at:
		line 12 in file "nxlcd.c"
 Parameters:    Size  Location     Type
		None
 Auto vars:     Size  Location     Type
		None
 Return value:  Size  Location     Type
                  1    wreg      void 
 Registers used:
		wreg
 Tracked objects:
		On entry : 
		On exit  : 
		Unchanged: 
 Data sizes:     COMRAM   BANK0   BANK1   BANK2   BANK3   BANK4   BANK5   BANK6   BANK7
      Params:         0       0       0       0       0       0       0       0       0
      Locals:         0       0       0       0       0       0       0       0       0
      Temps:          0       0       0       0       0       0       0       0       0
      Totals:         0       0       0       0       0       0       0       0       0
Total ram usage:        0 bytes
 Hardware stack levels used:    1
 Hardware stack levels required when called:    5
 This function calls:
		Nothing
 This function is called by:
		_SetDDRamAddr
		_BusyXLCD
		_WriteCmdXLCD
		_WriteDataXLCD
		_SetCGRamAddr
		_ReadAddrXLCD
		_ReadDataXLCD
 This function uses a non-reentrant model


 *************** function _ISR_Baixa_Prioridade *****************
 Defined at:
		line 157 in file "newmain.c"
 Parameters:    Size  Location     Type
		None
 Auto vars:     Size  Location     Type
		None
 Return value:  Size  Location     Type
                  1    wreg      void 
 Registers used:
		wreg, status,2, status,0
 Tracked objects:
		On entry : 
		On exit  : 
		Unchanged: 
 Data sizes:     COMRAM   BANK0   BANK1   BANK2   BANK3   BANK4   BANK5   BANK6   BANK7
      Params:         0       0       0       0       0       0       0       0       0
      Locals:         0       0       0       0       0       0       0       0       0
      Temps:         21       0       0       0       0       0       0       0       0
      Totals:        21       0       0       0       0       0       0       0       0
Total ram usage:       21 bytes
 Hardware stack levels used:    1
 Hardware stack levels required when called:    4
 This function calls:
		Nothing
 This function is called by:
		Interrupt level 1
 This function uses a non-reentrant model


 *************** function _ISR_Alta_Prioridade *****************
 Defined at:
		line 23 in file "newmain.c"
 Parameters:    Size  Location     Type
		None
 Auto vars:     Size  Location     Type
  fatia           1   31[COMRAM] unsigned char 
  ciclo           2   29[COMRAM] unsigned int 
 Return value:  Size  Location     Type
                  1    wreg      void 
 Registers used:
		wreg, status,2, status,0, tblptrl, tblptrh, tblptru, cstack
 Tracked objects:
		On entry : 
		On exit  : 
		Unchanged: 
 Data sizes:     COMRAM   BANK0   BANK1   BANK2   BANK3   BANK4   BANK5   BANK6   BANK7
      Params:         0       0       0       0       0       0       0       0       0
      Locals:         3       0       0       0       0       0       0       0       0
      Temps:         20       0       0       0       0       0       0       0       0
      Totals:        23       0       0       0       0       0       0       0       0
Total ram usage:       23 bytes
 Hardware stack levels used:    1
 Hardware stack levels required when called:    3
 This function calls:
		_escreve2dig
		i2_OpenXLCD
		i2_WriteCmdXLCD
		i2_WriteDataXLCD
		i2_putrsXLCD
 This function is called by:
		Interrupt level 2
 This function uses a non-reentrant model


 *************** function i2_putrsXLCD *****************
 Defined at:
		line 533 in file "nxlcd.c"
 Parameters:    Size  Location     Type
  buffer          2    1[COMRAM] PTR const unsigned char 
		 -> STR_20(17), STR_19(17), STR_18(17), STR_17(17), 
		 -> STR_16(16), STR_15(13), STR_14(13), STR_13(6), 
		 -> STR_12(16), STR_11(17), STR_10(16), STR_9(17), 
		 -> STR_8(17), STR_7(17), STR_6(16), STR_5(17), 
		 -> STR_4(17), STR_3(17), STR_2(3), STR_1(17), 
 Auto vars:     Size  Location     Type
		None
 Return value:  Size  Location     Type
                  1    wreg      void 
 Registers used:
		wreg, status,2, status,0, tblptrl, tblptrh, tblptru, cstack
 Tracked objects:
		On entry : 
		On exit  : 
		Unchanged: 
 Data sizes:     COMRAM   BANK0   BANK1   BANK2   BANK3   BANK4   BANK5   BANK6   BANK7
      Params:         2       0       0       0       0       0       0       0       0
      Locals:         0       0       0       0       0       0       0       0       0
      Temps:          0       0       0       0       0       0       0       0       0
      Totals:         2       0       0       0       0       0       0       0       0
Total ram usage:        2 bytes
 Hardware stack levels used:    1
 Hardware stack levels required when called:    2
 This function calls:
		i2_BusyXLCD
		i2_WriteDataXLCD
 This function is called by:
		_ISR_Alta_Prioridade
 This function uses a non-reentrant model


 *************** function i2_OpenXLCD *****************
 Defined at:
		line 41 in file "nxlcd.c"
 Parameters:    Size  Location     Type
  lcdtype         1    wreg     unsigned char 
 Auto vars:     Size  Location     Type
  lcdtype         1    1[COMRAM] unsigned char 
 Return value:  Size  Location     Type
                  1    wreg      void 
 Registers used:
		wreg, status,2, status,0, cstack
 Tracked objects:
		On entry : 
		On exit  : 
		Unchanged: 
 Data sizes:     COMRAM   BANK0   BANK1   BANK2   BANK3   BANK4   BANK5   BANK6   BANK7
      Params:         0       0       0       0       0       0       0       0       0
      Locals:         1       0       0       0       0       0       0       0       0
      Temps:          0       0       0       0       0       0       0       0       0
      Totals:         1       0       0       0       0       0       0       0       0
Total ram usage:        1 bytes
 Hardware stack levels used:    1
 Hardware stack levels required when called:    2
 This function calls:
		i2_BusyXLCD
		i2_DelayPORXLCD
		i2_DelayXLCD
		i2_SetDDRamAddr
		i2_WriteCmdXLCD
 This function is called by:
		_ISR_Alta_Prioridade
 This function uses a non-reentrant model


 *************** function i2_WriteCmdXLCD *****************
 Defined at:
		line 388 in file "nxlcd.c"
 Parameters:    Size  Location     Type
  cmd             1    wreg     unsigned char 
 Auto vars:     Size  Location     Type
  cmd             1    0[COMRAM] unsigned char 
 Return value:  Size  Location     Type
                  1    wreg      void 
 Registers used:
		wreg, status,2, status,0, cstack
 Tracked objects:
		On entry : 
		On exit  : 
		Unchanged: 
 Data sizes:     COMRAM   BANK0   BANK1   BANK2   BANK3   BANK4   BANK5   BANK6   BANK7
      Params:         0       0       0       0       0       0       0       0       0
      Locals:         1       0       0       0       0       0       0       0       0
      Temps:          0       0       0       0       0       0       0       0       0
      Totals:         1       0       0       0       0       0       0       0       0
Total ram usage:        1 bytes
 Hardware stack levels used:    1
 Hardware stack levels required when called:    1
 This function calls:
		i2_DelayFor18TCY
 This function is called by:
		_ISR_Alta_Prioridade
		i2_OpenXLCD
 This function uses a non-reentrant model


 *************** function i2_SetDDRamAddr *****************
 Defined at:
		line 171 in file "nxlcd.c"
 Parameters:    Size  Location     Type
  DDaddr          1    wreg     unsigned char 
 Auto vars:     Size  Location     Type
  DDaddr          1    0[COMRAM] unsigned char 
 Return value:  Size  Location     Type
                  1    wreg      void 
 Registers used:
		wreg, status,2, status,0, cstack
 Tracked objects:
		On entry : 
		On exit  : 
		Unchanged: 
 Data sizes:     COMRAM   BANK0   BANK1   BANK2   BANK3   BANK4   BANK5   BANK6   BANK7
      Params:         0       0       0       0       0       0       0       0       0
      Locals:         1       0       0       0       0       0       0       0       0
      Temps:          0       0       0       0       0       0       0       0       0
      Totals:         1       0       0       0       0       0       0       0       0
Total ram usage:        1 bytes
 Hardware stack levels used:    1
 Hardware stack levels required when called:    1
 This function calls:
		i2_DelayFor18TCY
 This function is called by:
		i2_OpenXLCD
 This function uses a non-reentrant model


 *************** function i2_DelayXLCD *****************
 Defined at:
		line 22 in file "nxlcd.c"
 Parameters:    Size  Location     Type
		None
 Auto vars:     Size  Location     Type
		None
 Return value:  Size  Location     Type
                  1    wreg      void 
 Registers used:
		wreg
 Tracked objects:
		On entry : 
		On exit  : 
		Unchanged: 
 Data sizes:     COMRAM   BANK0   BANK1   BANK2   BANK3   BANK4   BANK5   BANK6   BANK7
      Params:         0       0       0       0       0       0       0       0       0
      Locals:         0       0       0       0       0       0       0       0       0
      Temps:          1       0       0       0       0       0       0       0       0
      Totals:         1       0       0       0       0       0       0       0       0
Total ram usage:        1 bytes
 Hardware stack levels used:    1
 This function calls:
		Nothing
 This function is called by:
		i2_OpenXLCD
 This function uses a non-reentrant model


 *************** function i2_DelayPORXLCD *****************
 Defined at:
		line 17 in file "nxlcd.c"
 Parameters:    Size  Location     Type
		None
 Auto vars:     Size  Location     Type
		None
 Return value:  Size  Location     Type
                  1    wreg      void 
 Registers used:
		wreg
 Tracked objects:
		On entry : 
		On exit  : 
		Unchanged: 
 Data sizes:     COMRAM   BANK0   BANK1   BANK2   BANK3   BANK4   BANK5   BANK6   BANK7
      Params:         0       0       0       0       0       0       0       0       0
      Locals:         0       0       0       0       0       0       0       0       0
      Temps:          1       0       0       0       0       0       0       0       0
      Totals:         1       0       0       0       0       0       0       0       0
Total ram usage:        1 bytes
 Hardware stack levels used:    1
 This function calls:
		Nothing
 This function is called by:
		i2_OpenXLCD
 This function uses a non-reentrant model


 *************** function i2_BusyXLCD *****************
 Defined at:
		line 227 in file "nxlcd.c"
 Parameters:    Size  Location     Type
		None
 Auto vars:     Size  Location     Type
		None
 Return value:  Size  Location     Type
                  1    wreg      unsigned char 
 Registers used:
		wreg, cstack
 Tracked objects:
		On entry : 
		On exit  : 
		Unchanged: 
 Data sizes:     COMRAM   BANK0   BANK1   BANK2   BANK3   BANK4   BANK5   BANK6   BANK7
      Params:         0       0       0       0       0       0       0       0       0
      Locals:         0       0       0       0       0       0       0       0       0
      Temps:          0       0       0       0       0       0       0       0       0
      Totals:         0       0       0       0       0       0       0       0       0
Total ram usage:        0 bytes
 Hardware stack levels used:    1
 Hardware stack levels required when called:    1
 This function calls:
		i2_DelayFor18TCY
 This function is called by:
		i2_OpenXLCD
		i2_putrsXLCD
 This function uses a non-reentrant model


 *************** function _escreve2dig *****************
 Defined at:
		line 176 in file "newmain.c"
 Parameters:    Size  Location     Type
  v               1    wreg     unsigned char 
 Auto vars:     Size  Location     Type
  v               1    8[COMRAM] unsigned char 
 Return value:  Size  Location     Type
                  1    wreg      void 
 Registers used:
		wreg, status,2, status,0, cstack
 Tracked objects:
		On entry : 
		On exit  : 
		Unchanged: 
 Data sizes:     COMRAM   BANK0   BANK1   BANK2   BANK3   BANK4   BANK5   BANK6   BANK7
      Params:         0       0       0       0       0       0       0       0       0
      Locals:         1       0       0       0       0       0       0       0       0
      Temps:          0       0       0       0       0       0       0       0       0
      Totals:         1       0       0       0       0       0       0       0       0
Total ram usage:        1 bytes
 Hardware stack levels used:    1
 Hardware stack levels required when called:    2
 This function calls:
		___awdiv
		___awmod
		i2_WriteDataXLCD
 This function is called by:
		_ISR_Alta_Prioridade
		_atualiza_display
 This function uses a non-reentrant model


 *************** function i2_WriteDataXLCD *****************
 Defined at:
		line 449 in file "nxlcd.c"
 Parameters:    Size  Location     Type
  data            1    wreg     unsigned char 
 Auto vars:     Size  Location     Type
  data            1    0[COMRAM] unsigned char 
 Return value:  Size  Location     Type
                  1    wreg      void 
 Registers used:
		wreg, status,2, status,0, cstack
 Tracked objects:
		On entry : 
		On exit  : 
		Unchanged: 
 Data sizes:     COMRAM   BANK0   BANK1   BANK2   BANK3   BANK4   BANK5   BANK6   BANK7
      Params:         0       0       0       0       0       0       0       0       0
      Locals:         1       0       0       0       0       0       0       0       0
      Temps:          0       0       0       0       0       0       0       0       0
      Totals:         1       0       0       0       0       0       0       0       0
Total ram usage:        1 bytes
 Hardware stack levels used:    1
 Hardware stack levels required when called:    1
 This function calls:
		i2_DelayFor18TCY
 This function is called by:
		_ISR_Alta_Prioridade
		_escreve2dig
		i2_putrsXLCD
 This function uses a non-reentrant model


 *************** function i2_DelayFor18TCY *****************
 Defined at:
		line 12 in file "nxlcd.c"
 Parameters:    Size  Location     Type
		None
 Auto vars:     Size  Location     Type
		None
 Return value:  Size  Location     Type
                  1    wreg      void 
 Registers used:
		wreg
 Tracked objects:
		On entry : 
		On exit  : 
		Unchanged: 
 Data sizes:     COMRAM   BANK0   BANK1   BANK2   BANK3   BANK4   BANK5   BANK6   BANK7
      Params:         0       0       0       0       0       0       0       0       0
      Locals:         0       0       0       0       0       0       0       0       0
      Temps:          0       0       0       0       0       0       0       0       0
      Totals:         0       0       0       0       0       0       0       0       0
Total ram usage:        0 bytes
 Hardware stack levels used:    1
 This function calls:
		Nothing
 This function is called by:
		i2_SetDDRamAddr
		i2_BusyXLCD
		i2_WriteCmdXLCD
		i2_WriteDataXLCD
 This function uses a non-reentrant model


 *************** function ___awmod *****************
 Defined at:
		line 8 in file "C:\Program Files (x86)\Microchip\xc8\v1.45\sources\common\awmod.c"
 Parameters:    Size  Location     Type
  dividend        2    0[COMRAM] int 
  divisor         2    2[COMRAM] int 
 Auto vars:     Size  Location     Type
  sign            1    5[COMRAM] unsigned char 
  counter         1    4[COMRAM] unsigned char 
 Return value:  Size  Location     Type
                  2    0[COMRAM] int 
 Registers used:
		wreg, status,2, status,0
 Tracked objects:
		On entry : 
		On exit  : 
		Unchanged: 
 Data sizes:     COMRAM   BANK0   BANK1   BANK2   BANK3   BANK4   BANK5   BANK6   BANK7
      Params:         4       0       0       0       0       0       0       0       0
      Locals:         2       0       0       0       0       0       0       0       0
      Temps:          0       0       0       0       0       0       0       0       0
      Totals:         6       0       0       0       0       0       0       0       0
Total ram usage:        6 bytes
 Hardware stack levels used:    1
 This function calls:
		Nothing
 This function is called by:
		_escreve2dig
 This function uses a non-reentrant model


 *************** function ___awdiv *****************
 Defined at:
		line 8 in file "C:\Program Files (x86)\Microchip\xc8\v1.45\sources\common\awdiv.c"
 Parameters:    Size  Location     Type
  dividend        2    0[COMRAM] int 
  divisor         2    2[COMRAM] int 
 Auto vars:     Size  Location     Type
  quotient        2    6[COMRAM] int 
  sign            1    5[COMRAM] unsigned char 
  counter         1    4[COMRAM] unsigned char 
 Return value:  Size  Location     Type
                  2    0[COMRAM] int 
 Registers used:
		wreg, status,2, status,0
 Tracked objects:
		On entry : 
		On exit  : 
		Unchanged: 
 Data sizes:     COMRAM   BANK0   BANK1   BANK2   BANK3   BANK4   BANK5   BANK6   BANK7
      Params:         4       0       0       0       0       0       0       0       0
      Locals:         4       0       0       0       0       0       0       0       0
      Temps:          0       0       0       0       0       0       0       0       0
      Totals:         8       0       0       0       0       0       0       0       0
Total ram usage:        8 bytes
 Hardware stack levels used:    1
 This function calls:
		Nothing
 This function is called by:
		_escreve2dig
 This function uses a non-reentrant model



MODULE INFORMATION

Module		Function		Class		Link	Load	Size
newmain.c
		_ISR_Alta_Prioridade		CODE           	0008	0000	879
		_escreve2dig   		CODE           	119C	0000	57
		_main          		CODE           	0C66	0000	241
		_ISR_Baixa_Prioridade		CODE           	0018	0000	215

newmain.c estimated size: 1392

C:\Program Files (x86)\Microchip\xc8\v1.45\sources\common\awmod.c
		___awmod       		CODE           	0F2E	0000	113

C:\Program Files (x86)\Microchip\xc8\v1.45\sources\common\awmod.c estimated size: 113

nxlcd.c
		_BusyXLCD      		CODE           	1128	0000	59
		_DelayFor18TCY 		CODE           	12BA	0000	11
		_DelayXLCD     		CODE           	1270	0000	21
		_WriteCmdXLCD  		CODE           	1028	0000	69
		_OpenXLCD      		CODE           	0D56	0000	173
		_WriteDataXLCD 		CODE           	0FE4	0000	69
		_SetDDRamAddr  		CODE           	0F9E	0000	71
		_DelayPORXLCD  		CODE           	1284	0000	21
		_putrsXLCD     		CODE           	11D4	0000	55

nxlcd.c estimated size: 549

shared
		i2_WriteDataXLCD		CODE           	10EA	0000	63
		i2_SetDDRamAddr		CODE           	106C	0000	65
		i2_OpenXLCD    		CODE           	0E02	0000	169
		__initialization		CODE           	123E	0000	37
		i2_DelayXLCD   		CODE           	1298	0000	19
		i2_BusyXLCD    		CODE           	1162	0000	59
		i2_DelayPORXLCD		CODE           	12AA	0000	17
		i2_putrsXLCD   		CODE           	120A	0000	53
		i2_WriteCmdXLCD		CODE           	10AC	0000	63
		i2_DelayFor18TCY		CODE           	12C4	0000	11

shared estimated size: 556

C:\Program Files (x86)\Microchip\xc8\v1.45\sources\common\awdiv.c
		___awdiv       		CODE           	0EAA	0000	133

C:\Program Files (x86)\Microchip\xc8\v1.45\sources\common\awdiv.c estimated size: 133

